******************************************************************************
                  TI ARM Linker Unix v20.2.7                   
******************************************************************************
>> Linked Fri Apr 26 16:58:55 2024

OUTPUT FILE NAME:   <S24_Proj2.out>
ENTRY POINT SYMBOL: "_c_int00_noargs"  address: 00005d19


MEMORY CONFIGURATION

         name            origin    length      used     unused   attr    fill
----------------------  --------  ---------  --------  --------  ----  --------
  MAIN                  00000000   00040000  000071a0  00038e60  R  X
  INFO                  00200000   00004000  00000000  00004000  R  X
  SRAM_CODE             01000000   00010000  000003a6  0000fc5a  RW X
  SRAM_DATA             20000000   00010000  000003a6  0000fc5a  RW  


SEGMENT ALLOCATION MAP

run origin  load origin   length   init length attrs members
----------  ----------- ---------- ----------- ----- -------
00000000    00000000    000071a0   000071a0    r-x
  00000000    00000000    000000e4   000000e4    r-- .intvecs
  000000e4    000000e4    00006478   00006478    r-x .text
  0000655c    0000655c    00000bdc   00000bdc    r-- .const
  00007138    00007138    00000068   00000068    r-- .cinit
20000000    20000000    000001a8   00000000    rw-
  20000000    20000000    0000013e   00000000    rw- .bss
  20000140    20000140    00000068   00000000    rw- .data
2000fe00    2000fe00    00000200   00000000    rw-
  2000fe00    2000fe00    00000200   00000000    rw- .stack


SECTION ALLOCATION MAP

 output                                  attributes/
section   page    origin      length       input sections
--------  ----  ----------  ----------   ----------------
.intvecs   0    00000000    000000e4     
                  00000000    000000e4     startup_msp432p401r_ccs.obj (.intvecs:retain)

.text      0    000000e4    00006478     
                  000000e4    00000a4e     rtsv7M4_T_le_v4SPD16_eabi.lib : _printfi.c.obj (.text:__TI_printfi)
                  00000b32    00000002     startup_msp432p401r_ccs.obj (.text:Default_Handler)
                  00000b34    0000094c     proj2_main.obj (.text:App_Proj2_handleGameScreen)
                  00001480    0000047e     grlib.a : string.obj (.text:Graphics_drawString)
                  000018fe    00000002     rtsv7M4_T_le_v4SPD16_eabi.lib : _lock.c.obj (.text:_nop)
                  00001900    0000037c     proj2_main.obj (.text:App_Proj2_construct)
                  00001c7c    00000270     rtsv7M4_T_le_v4SPD16_eabi.lib : _printfi.c.obj (.text:_pconv_a)
                  00001eec    000001f4     proj2_main.obj (.text:App_Proj2_showMainMenu)
                  000020e0    000001d8     Crystalfontz128x128_ST7735.obj (.text:Crystalfontz128x128_PixelDrawMultiple)
                  000022b8    000001d6     proj2_main.obj (.text:generateObstacles)
                  0000248e    00000002     rtsv7M4_T_le_v4SPD16_eabi.lib : div0.asm.obj (.text)
                  00002490    000001d0                                   : _printfi.c.obj (.text:_pconv_g)
                  00002660    000001bc     proj2_main.obj (.text:scoreUpdate)
                  0000281c    000001b6     rtsv7M4_T_le_v4SPD16_eabi.lib : fd_add_t2.asm.obj (.text)
                  000029d2    00000002     --HOLE-- [fill = 0]
                  000029d4    0000019c     msp432p4xx_driverlib.lib : cs.o (.text:CS_setDCOFrequency)
                  00002b70    0000017d     proj2_main.obj (.text:App_Proj2_handleInstructionsScreen)
                  00002ced    00000003     --HOLE-- [fill = 0]
                  00002cf0    00000176     proj2_main.obj (.text:App_Proj2_handleResultScreen)
                  00002e66    00000002     --HOLE-- [fill = 0]
                  00002e68    00000160     msp432p4xx_driverlib.lib : adc14.o (.text:_getIndexForMemRegister)
                  00002fc8    00000158     proj2_main.obj (.text:removeLife)
                  00003120    0000013c     rtsv7M4_T_le_v4SPD16_eabi.lib : _printfi.c.obj (.text:_pconv_e)
                  0000325c    0000013c     proj2_main.obj (.text:updateHighScores)
                  00003398    00000136     rtsv7M4_T_le_v4SPD16_eabi.lib : fd_div_t2.asm.obj (.text)
                  000034ce    00000002     --HOLE-- [fill = 0]
                  000034d0    00000134     Crystalfontz128x128_ST7735.obj (.text:Crystalfontz128x128_SetDrawFrame)
                  00003604    00000134     Joystick.obj (.text:Joystick_refresh)
                  00003738    00000130     msp432p4xx_driverlib.lib : cs.o (.text:CS_initClockSignal)
                  00003868    0000012c     Crystalfontz128x128_ST7735.obj (.text:Crystalfontz128x128_Init)
                  00003994    00000124     rtsv7M4_T_le_v4SPD16_eabi.lib : _printfi.c.obj (.text:fcvt)
                  00003ab8    0000011c     msp432p4xx_driverlib.lib : uart.o (.text:UART_initModule)
                  00003bd4    00000112     grlib.a : rectangle.obj (.text:Graphics_fillRectangle)
                  00003ce6    00000002     --HOLE-- [fill = 0]
                  00003ce8    00000110     rtsv7M4_T_le_v4SPD16_eabi.lib : s_scalbn.c.obj (.text:scalbn)
                  00003df8    000000fc                                   : fd_mul_t2.asm.obj (.text)
                  00003ef4    000000f8     proj2_main.obj (.text:App_Proj2_handleHighScores)
                  00003fec    000000e6     Button.obj (.text:Button_refresh)
                  000040d2    000000ba     rtsv7M4_T_le_v4SPD16_eabi.lib : qsort.c.obj (.text:qsort)
                  0000418c    000000b8     HAL.obj (.text:HAL_construct)
                  00004244    000000b4     msp432p4xx_driverlib.lib : adc14.o (.text:ADC14_configureConversionMemory)
                  000042f8    000000b4                              : adc14.o (.text:ADC14_configureMultiSequenceMode)
                  000043ac    000000b1     rtsv7M4_T_le_v4SPD16_eabi.lib : _printfi.c.obj (.text:_ltostr)
                  0000445d    00000001     --HOLE-- [fill = 0]
                  0000445e    000000b0     msp432p4xx_driverlib.lib : spi.o (.text:SPI_initMaster)
                  0000450e    00000002     --HOLE-- [fill = 0]
                  00004510    000000ac     proj2_main.obj (.text:createObstacle)
                  000045bc    000000a4     proj2_main.obj (.text:main)
                  00004660    0000009c     Crystalfontz128x128_ST7735.obj (.text:Crystalfontz128x128_RectFill)
                  000046fc    0000009c     grlib.a : line.obj (.text:Graphics_drawLineH)
                  00004798    0000009c     rtsv7M4_T_le_v4SPD16_eabi.lib : memcpy_t2.asm.obj (.text)
                  00004834    00000096                                   : ull_div_t2.asm.obj (.text)
                  000048ca    00000002     --HOLE-- [fill = 0]
                  000048cc    00000094     msp432p4xx_driverlib.lib : sysctl_a.o (.text:SysCtl_A_getTLVInfo)
                  00004960    0000008c     proj2_main.obj (.text:App_Proj2_loop)
                  000049ec    00000088     msp432p4xx_driverlib.lib : cs.o (.text:CS_tuneDCOFrequency)
                  00004a74    00000088                              : gpio.o (.text:GPIO_setAsPeripheralModuleFunctionInputPin)
                  00004afc    00000088                              : gpio.o (.text:GPIO_setAsPeripheralModuleFunctionOutputPin)
                  00004b84    00000086     rtsv7M4_T_le_v4SPD16_eabi.lib : fd_cmp_t2.asm.obj (.text:__aeabi_cdcmple)
                  00004c0a    00000086                                   : fd_cmp_t2.asm.obj (.text:__aeabi_cdrcmple)
                  00004c90    00000080     proj2_main.obj (.text:App_Proj2_showTitleScreen)
                  00004d10    00000080     msp432p4xx_driverlib.lib : interrupt.o (.text:Interrupt_enableInterrupt)
                  00004d90    0000007a     rtsv7M4_T_le_v4SPD16_eabi.lib : memset_t2.asm.obj (.text)
                  00004e0a    00000002     --HOLE-- [fill = 0]
                  00004e0c    00000078     Timer.obj (.text:InitSystemTiming)
                  00004e84    00000078     system_msp432p401r.obj (.text:SystemInit)
                  00004efc    0000006e     rtsv7M4_T_le_v4SPD16_eabi.lib : _printfi.c.obj (.text:_mcpy)
                  00004f6a    0000006e                                   : fd_tos_t2.asm.obj (.text)
                  00004fd8    00000068     msp432p4xx_driverlib.lib : timer32.o (.text:Timer32_initModule)
                  00005040    00000068     rtsv7M4_T_le_v4SPD16_eabi.lib : copy_decompress_lzss.c.obj (.text:decompress:lzss:__TI_decompress_lzss)
                  000050a8    00000064                                   : s_frexp.c.obj (.text:frexp)
                  0000510c    00000060     Crystalfontz128x128_ST7735.obj (.text:Crystalfontz128x128_LineDrawH)
                  0000516c    00000060     Crystalfontz128x128_ST7735.obj (.text:Crystalfontz128x128_LineDrawV)
                  000051cc    0000005c     Button.obj (.text:Button_construct)
                  00005228    0000005c     Graphics.obj (.text:GFX_construct)
                  00005284    00000058     msp432p4xx_driverlib.lib : gpio.o (.text:GPIO_setAsInputPinWithPullUpResistor)
                  000052dc    00000058     Timer.obj (.text:SWTimer_elapsedCycles)
                  00005334    00000056     rtsv7M4_T_le_v4SPD16_eabi.lib : _printfi.c.obj (.text:_pconv_f)
                  0000538a    00000002     --HOLE-- [fill = 0]
                  0000538c    00000054     msp432p4xx_driverlib.lib : adc14.o (.text:ADC14_initModule)
                  000053e0    00000054     Crystalfontz128x128_ST7735.obj (.text:Crystalfontz128x128_SetOrientation)
                  00005434    00000054     Timer.obj (.text:SWTimer_construct)
                  00005488    00000054     rtsv7M4_T_le_v4SPD16_eabi.lib : _ltoa.c.obj (.text:__TI_ltoa)
                  000054dc    00000052     grlib.a : context.obj (.text:Graphics_initContext)
                  0000552e    00000052     rtsv7M4_T_le_v4SPD16_eabi.lib : _printfi.c.obj (.text:_ecpy)
                  00005580    0000004c                                   : atoi.c.obj (.text:atoi)
                  000055cc    0000004c                                   : snprintf.c.obj (.text:snprintf)
                  00005618    0000004a     LED.obj (.text:LED_construct)
                  00005662    00000002     --HOLE-- [fill = 0]
                  00005664    00000048     msp432p4xx_driverlib.lib : flash.o (.text:FlashCtl_setWaitState)
                  000056ac    00000048     rtsv7M4_T_le_v4SPD16_eabi.lib : hosttime.c.obj (.text:HOSTtime)
                  000056f4    00000048     UART.obj (.text:UART_construct)
                  0000573c    00000048     proj2_main.obj (.text:checkCollision)
                  00005784    00000048     rtsv7M4_T_le_v4SPD16_eabi.lib : fd_toi_t2.asm.obj (.text)
                  000057cc    00000044     Graphics.obj (.text:GFX_print)
                  00005810    00000044     rtsv7M4_T_le_v4SPD16_eabi.lib : autoinit.c.obj (.text:__TI_auto_init_nobinit_nopinit:__TI_auto_init_nobinit_nopinit)
                  00005854    00000040     Crystalfontz128x128_ST7735.obj (.text:Crystalfontz128x128_PixelDraw)
                  00005894    00000040     msp432p4xx_driverlib.lib : gpio.o (.text:GPIO_setAsOutputPin)
                  000058d4    00000040     grlib.a : string.obj (.text:Graphics_getNumberOfLeadingZeros)
                  00005914    00000040     HAL_MSP_EXP432P401R_Crystalfontz128x128_ST7735.obj (.text:HAL_LCD_SpiInit)
                  00005954    00000040     proj2_main.obj (.text:afterCollision)
                  00005994    00000040     msp432p4xx_driverlib.lib : spi.o (.text:is_A_Module)
                  000059d4    00000040     rtsv7M4_T_le_v4SPD16_eabi.lib : sprintf.c.obj (.text:sprintf)
                  00005a14    0000003e                                   : _printfi.c.obj (.text:_fcpy)
                  00005a52    0000003c     proj2_main.obj (.text:App_Proj2_initGameVariables)
                  00005a8e    0000003a     UART.obj (.text:UART_SetBaud_Enable)
                  00005ac8    00000038     HAL_MSP_EXP432P401R_Crystalfontz128x128_ST7735.obj (.text:HAL_LCD_writeCommand)
                  00005b00    00000038     msp432p4xx_driverlib.lib : timer32.o (.text:Timer32_startTimer)
                  00005b38    00000038     rtsv7M4_T_le_v4SPD16_eabi.lib : trgmsg.c.obj (.text:__TI_writemsg)
                  00005b70    00000038                                   : fs_tod_t2.asm.obj (.text)
                  00005ba8    00000036     grlib.a : display.obj (.text:Graphics_drawHorizontalLineOnDisplay)
                  00005bde    00000036     HAL.obj (.text:HAL_refresh)
                  00005c14    00000034     msp432p4xx_driverlib.lib : adc14.o (.text:ADC14_enableSampleTimer)
                  00005c48    00000034                              : cs.o (.text:CS_setDCOCenteredFrequency)
                  00005c7c    00000034                              : timer32.o (.text:Timer32_setCount)
                  00005cb0    00000034                              : uart.o (.text:UART_transmitData)
                  00005ce4    00000034     rtsv7M4_T_le_v4SPD16_eabi.lib : trgmsg.c.obj (.text:__TI_readmsg)
                  00005d18    00000034                                   : boot_cortex_m.c.obj (.text:_c_int00_noargs:_c_int00_noargs)
                  00005d4c    00000034     proj2_main.obj (.text:compare_scores)
                  00005d80    00000034     rtsv7M4_T_le_v4SPD16_eabi.lib : rand.c.obj (.text:rand)
                  00005db4    00000030     msp432p4xx_driverlib.lib : gpio.o (.text:GPIO_getInputPinValue)
                  00005de4    00000030     HAL_MSP_EXP432P401R_Crystalfontz128x128_ST7735.obj (.text:HAL_LCD_PortInit)
                  00005e14    00000030     rtsv7M4_T_le_v4SPD16_eabi.lib : snprintf.c.obj (.text:_outs)
                  00005e44    00000030     Joystick.obj (.text:initJoyStick)
                  00005e74    0000002e     rtsv7M4_T_le_v4SPD16_eabi.lib : i_tofd_t2.asm.obj (.text)
                  00005ea2    00000002     --HOLE-- [fill = 0]
                  00005ea4    0000002c     msp432p4xx_driverlib.lib : adc14.o (.text:ADC14_toggleConversionTrigger)
                  00005ed0    0000002c     Crystalfontz128x128_ST7735.obj (.text:Crystalfontz128x128_ClearScreen)
                  00005efc    0000002c     grlib.a : display.obj (.text:Graphics_drawPixelOnDisplay)
                  00005f28    0000002c     HAL_MSP_EXP432P401R_Crystalfontz128x128_ST7735.obj (.text:HAL_LCD_writeData)
                  00005f54    0000002a     Graphics.obj (.text:GFX_resetColors)
                  00005f7e    0000002a     Timer.obj (.text:SWTimer_expired)
                  00005fa8    00000028     msp432p4xx_driverlib.lib : adc14.o (.text:ADC14_enableConversion)
                  00005fd0    00000028                              : adc14.o (.text:ADC14_getResult)
                  00005ff8    00000028     Crystalfontz128x128_ST7735.obj (.text:Crystalfontz128x128_ColorTranslate)
                  00006020    00000028     msp432p4xx_driverlib.lib : gpio.o (.text:GPIO_setOutputHighOnPin)
                  00006048    00000028                              : gpio.o (.text:GPIO_setOutputLowOnPin)
                  00006070    00000028     Joystick.obj (.text:Joystick_construct)
                  00006098    00000028     LED.obj (.text:LED_turnOff)
                  000060c0    00000028     Timer.obj (.text:T32_INT1_IRQHandler)
                  000060e8    00000026     Joystick.obj (.text:initADC)
                  0000610e    00000002     --HOLE-- [fill = 0]
                  00006110    00000024     Timer.obj (.text:SWTimer_start)
                  00006134    00000024     msp432p4xx_driverlib.lib : wdt_a.o (.text:WDT_A_holdTimer)
                  00006158    00000024     rtsv7M4_T_le_v4SPD16_eabi.lib : rand.c.obj (.text:srand)
                  0000617c    0000001e     grlib.a : display.obj (.text:Graphics_fillRectangleOnDisplay)
                  0000619a    0000001e     proj2_main.obj (.text:PollNonBlockingLED)
                  000061b8    0000001e     rtsv7M4_T_le_v4SPD16_eabi.lib : strcat.c.obj (.text:strcat)
                  000061d6    0000001c     Joystick.obj (.text:Joystick_isPressedToLeft)
                  000061f2    0000001c     Joystick.obj (.text:Joystick_isPressedToRight)
                  0000620e    0000001c     msp432p4xx_driverlib.lib : spi.o (.text:SPI_enableModule)
                  0000622a    0000001c     rtsv7M4_T_le_v4SPD16_eabi.lib : copy_zero_init.c.obj (.text:decompress:ZI:__TI_zero_init_nomemset:__TI_zero_init_nomemset)
                  00006246    0000001c                                   : memccpy.c.obj (.text:memccpy)
                  00006262    0000001a     grlib.a : display.obj (.text:Graphics_clearDisplayOnDisplay)
                  0000627c    0000001a             : context.obj (.text:Graphics_setBackgroundColor)
                  00006296    0000001a             : context.obj (.text:Graphics_setFont)
                  000062b0    0000001a     rtsv7M4_T_le_v4SPD16_eabi.lib : s_copysign.c.obj (.text:copysign)
                  000062ca    00000018     UART.obj (.text:UART_canSend)
                  000062e2    00000018     msp432p4xx_driverlib.lib : uart.o (.text:UART_getInterruptStatus)
                  000062fa    00000018     rtsv7M4_T_le_v4SPD16_eabi.lib : snprintf.c.obj (.text:_outc)
                  00006312    00000018                                   : sprintf.c.obj (.text:_outs)
                  0000632a    00000018                                   : ll_mul_t2.asm.obj (.text)
                  00006342    00000016     msp432p4xx_driverlib.lib : spi.o (.text:EUSCI_A_SPI_enable)
                  00006358    00000016                              : spi.o (.text:EUSCI_B_SPI_enable)
                  0000636e    00000016     grlib.a : context.obj (.text:Graphics_setForegroundColor)
                  00006384    00000016             : display.obj (.text:Graphics_translateColorOnDisplay)
                  0000639a    00000016     msp432p4xx_driverlib.lib : uart.o (.text:UART_enableModule)
                  000063b0    00000016     UART.obj (.text:UART_sendChar)
                  000063c6    00000016     rtsv7M4_T_le_v4SPD16_eabi.lib : strchr.c.obj (.text:strchr)
                  000063dc    00000014     proj2_main.obj (.text:InitNonBlockingLED)
                  000063f0    00000014     msp432p4xx_driverlib.lib : timer32.o (.text:Timer32_clearInterruptFlag)
                  00006404    00000014     rtsv7M4_T_le_v4SPD16_eabi.lib : strcpy.c.obj (.text:strcpy)
                  00006418    00000014                                   : strlen.c.obj (.text:strlen)
                  0000642c    00000012     grlib.a : context.obj (.text:Graphics_clearDisplay)
                  0000643e    00000012     rtsv7M4_T_le_v4SPD16_eabi.lib : wcslen.c.obj (.text:wcslen)
                  00006450    00000010     msp432p4xx_driverlib.lib : adc14.o (.text:ADCIsConversionRunning)
                  00006460    00000010                              : interrupt.o (.text:Interrupt_disableMaster)
                  00006470    00000010                              : interrupt.o (.text:Interrupt_enableMaster)
                  00006480    0000000e     Button.obj (.text:Button_isTapped)
                  0000648e    0000000e     grlib.a : context.obj (.text:Graphics_getFontHeight)
                  0000649c    0000000e             : context.obj (.text:Graphics_getFontMaxWidth)
                  000064aa    0000000e     Joystick.obj (.text:Joystick_isTappedToDown)
                  000064b8    0000000e     Joystick.obj (.text:Joystick_isTappedToUp)
                  000064c6    0000000e     msp432p4xx_driverlib.lib : timer32.o (.text:Timer32_getValue)
                  000064d4    0000000e     rtsv7M4_T_le_v4SPD16_eabi.lib : time.c.obj (.text:__time32)
                  000064e2    0000000e                                   : copy_decompress_none.c.obj (.text:decompress:none:__TI_decompress_none)
                  000064f0    0000000c     msp432p4xx_driverlib.lib : adc14.o (.text:ADC14_enableModule)
                  000064fc    0000000c                              : cpu.o (.text:CPU_cpsid)
                  00006508    0000000c                              : cpu.o (.text:CPU_cpsie)
                  00006514    0000000c     Graphics.obj (.text:GFX_clear)
                  00006520    0000000c     startup_msp432p401r_ccs.obj (.text:Reset_Handler)
                  0000652c    0000000c     Joystick.obj (.text:startADC)
                  00006538    0000000a     Crystalfontz128x128_ST7735.obj (.text:Crystalfontz128x128_Flush)
                  00006542    0000000a     rtsv7M4_T_le_v4SPD16_eabi.lib : sprintf.c.obj (.text:_outc)
                  0000654c    00000008                                   : errno.c.obj (.text:__aeabi_errno_addr)
                  00006554    00000004                                   : pre_init.c.obj (.text:_system_pre_init)
                  00006558    00000004                                   : exit.c.obj (.text:abort:abort)

.const     0    0000655c    00000bdc     
                  0000655c    00000530     grlib.a : fontcm12b.obj (.const:.string:g_pucCm12bData)
                  00006a8c    000002f8             : fontfixed6x8.obj (.const:.string:g_pucFontFixed6x8Data)
                  00006d84    00000101     rtsv7M4_T_le_v4SPD16_eabi.lib : ctype.c.obj (.const:.string:_ctypes_)
                  00006e85    00000003     --HOLE-- [fill = 0]
                  00006e88    000000c8     grlib.a : fontcm12b.obj (.const:g_sFontCm12b)
                  00006f50    000000c8             : fontfixed6x8.obj (.const:g_sFontFixed6x8)
                  00007018    00000080     msp432p4xx_driverlib.lib : adc14.o (.const:_ctlRegs)
                  00007098    00000030                              : gpio.o (.const:GPIO_PORT_TO_BASE)
                  000070c8    00000020     Crystalfontz128x128_ST7735.obj (.const:g_sCrystalfontz128x128_funcs)
                  000070e8    0000001c     HAL_MSP_EXP432P401R_Crystalfontz128x128_ST7735.obj (.const:$P$T0$1)
                  00007104    0000000c     Joystick.obj (.const:$P$T0$1)
                  00007110    00000008     proj2_main.obj (.const:$P$T0$19)
                  00007118    00000008     Crystalfontz128x128_ST7735.obj (.const:$P$T0$1)
                  00007120    00000008     proj2_main.obj (.const:$P$T1$20)
                  00007128    00000008     proj2_main.obj (.const:$P$T2$21)
                  00007130    00000008     msp432p4xx_driverlib.lib : interrupt.o (.const:g_pulEnRegs)

.cinit     0    00007138    00000068     
                  00007138    00000042     (.cinit..data.load) [load image, compression = lzss]
                  0000717a    00000002     --HOLE-- [fill = 0]
                  0000717c    0000000c     (__TI_handler_table)
                  00007188    00000008     (.cinit..bss.load) [load image, compression = zero_init]
                  00007190    00000010     (__TI_cinit_table)

.init_array 
*          0    00000000    00000000     UNINITIALIZED

.binit     0    00000000    00000000     

.bss       0    20000000    0000013e     UNINITIALIZED
                  20000000    00000120     rtsv7M4_T_le_v4SPD16_eabi.lib : trgmsg.c.obj (.bss:_CIOBUF_)
                  20000120    0000000c     proj2_main.obj (.bss)
                  2000012c    00000008     (.common:parmbuf)
                  20000134    00000002     (.common:Lcd_ScreenHeigth)
                  20000136    00000002     (.common:Lcd_ScreenWidth)
                  20000138    00000002     (.common:Lcd_TouchTrim)
                  2000013a    00000001     (.common:Lcd_FlagRead)
                  2000013b    00000001     (.common:Lcd_FontSolid)
                  2000013c    00000001     (.common:Lcd_Orientation)
                  2000013d    00000001     (.common:Lcd_PenSolid)

.data      0    20000140    00000068     UNINITIALIZED
                  20000140    0000003c     proj2_main.obj (.data)
                  2000017c    00000010     Crystalfontz128x128_ST7735.obj (.data:g_sCrystalfontz128x128)
                  2000018c    00000008     rtsv7M4_T_le_v4SPD16_eabi.lib : _lock.c.obj (.data:$O1$$)
                  20000194    00000004     Joystick.obj (.data)
                  20000198    00000008     Timer.obj (.data)
                  200001a0    00000004     rtsv7M4_T_le_v4SPD16_eabi.lib : errno.c.obj (.data)
                  200001a4    00000004                                   : rand.c.obj (.data)

.stack     0    2000fe00    00000200     UNINITIALIZED
                  2000fe00    00000004     rtsv7M4_T_le_v4SPD16_eabi.lib : boot_cortex_m.c.obj (.stack)
                  2000fe04    000001fc     --HOLE--

__llvm_prf_cnts 
*          0    20000000    00000000     UNINITIALIZED

MODULE SUMMARY

       Module                                               code    ro data   rw data
       ------                                               ----    -------   -------
    ./
       proj2_main.obj                                       7251    24        144    
       system_msp432p401r.obj                               120     0         0      
    +--+----------------------------------------------------+-------+---------+---------+
       Total:                                               7371    24        144    
                                                                                     
    ./HAL/
       Joystick.obj                                         530     12        8      
       Timer.obj                                            410     0         16     
       Button.obj                                           336     0         0      
       HAL.obj                                              238     0         0      
       Graphics.obj                                         214     0         0      
       UART.obj                                             176     0         0      
       LED.obj                                              114     0         0      
    +--+----------------------------------------------------+-------+---------+---------+
       Total:                                               2018    12        24     
                                                                                     
    ./HAL/LcdDriver/
       Crystalfontz128x128_ST7735.obj                       1670    40        52     
       HAL_MSP_EXP432P401R_Crystalfontz128x128_ST7735.obj   212     28        0      
    +--+----------------------------------------------------+-------+---------+---------+
       Total:                                               1882    68        52     
                                                                                     
    ./ccs/
       startup_msp432p401r_ccs.obj                          14      228       0      
    +--+----------------------------------------------------+-------+---------+---------+
       Total:                                               14      228       0      
                                                                                     
    /Applications/ti/simplelink_msp432p4_sdk_3_40_01_02/source/ti/devices/msp432p4xx/driverlib/ccs/msp432p4xx_driverlib.lib
       adc14.o                                              1000    128       0      
       cs.o                                                 904     0         0      
       gpio.o                                               552     48        0      
       uart.o                                               382     0         0      
       spi.o                                                312     0         0      
       timer32.o                                            246     0         0      
       interrupt.o                                          160     8         0      
       sysctl_a.o                                           148     0         0      
       flash.o                                              72      0         0      
       wdt_a.o                                              36      0         0      
       cpu.o                                                24      0         0      
    +--+----------------------------------------------------+-------+---------+---------+
       Total:                                               3836    184       0      
                                                                                     
    /Applications/ti/simplelink_msp432p4_sdk_3_40_01_02/source/ti/grlib/lib/ccs/m4f/grlib.a
       fontcm12b.obj                                        0       1528      0      
       string.obj                                           1214    0         0      
       fontfixed6x8.obj                                     0       960       0      
       rectangle.obj                                        274     0         0      
       context.obj                                          202     0         0      
       display.obj                                          176     0         0      
       line.obj                                             156     0         0      
    +--+----------------------------------------------------+-------+---------+---------+
       Total:                                               2022    2488      0      
                                                                                     
    /Applications/ti/ti-cgt-arm_20.2.7.LTS/lib/rtsv7M4_T_le_v4SPD16_eabi.lib
       _printfi.c.obj                                       4851    0         0      
       trgmsg.c.obj                                         108     0         576    
       fd_add_t2.asm.obj                                    438     0         0      
       fd_div_t2.asm.obj                                    310     0         0      
       s_scalbn.c.obj                                       272     0         0      
       fd_cmp_t2.asm.obj                                    268     0         0      
       ctype.c.obj                                          0       257       0      
       fd_mul_t2.asm.obj                                    252     0         0      
       qsort.c.obj                                          186     0         0      
       memcpy_t2.asm.obj                                    156     0         0      
       ull_div_t2.asm.obj                                   150     0         0      
       snprintf.c.obj                                       148     0         0      
       memset_t2.asm.obj                                    122     0         0      
       fd_tos_t2.asm.obj                                    110     0         0      
       copy_decompress_lzss.c.obj                           104     0         0      
       s_frexp.c.obj                                        100     0         0      
       sprintf.c.obj                                        98      0         0      
       rand.c.obj                                           88      0         8      
       _ltoa.c.obj                                          84      0         0      
       atoi.c.obj                                           76      0         0      
       fd_toi_t2.asm.obj                                    72      0         0      
       hosttime.c.obj                                       72      0         0      
       autoinit.c.obj                                       68      0         0      
       fs_tod_t2.asm.obj                                    56      0         0      
       boot_cortex_m.c.obj                                  52      0         0      
       i_tofd_t2.asm.obj                                    46      0         0      
       strcat.c.obj                                         30      0         0      
       copy_zero_init.c.obj                                 28      0         0      
       memccpy.c.obj                                        28      0         0      
       s_copysign.c.obj                                     26      0         0      
       ll_mul_t2.asm.obj                                    24      0         0      
       strchr.c.obj                                         22      0         0      
       strcpy.c.obj                                         20      0         0      
       strlen.c.obj                                         20      0         0      
       _lock.c.obj                                          2       0         16     
       wcslen.c.obj                                         18      0         0      
       errno.c.obj                                          8       0         8      
       hostopen.c.obj                                       0       0         16     
       copy_decompress_none.c.obj                           14      0         0      
       time.c.obj                                           14      0         0      
       exit.c.obj                                           4       0         0      
       pre_init.c.obj                                       4       0         0      
       div0.asm.obj                                         2       0         0      
    +--+----------------------------------------------------+-------+---------+---------+
       Total:                                               8551    257       624    
                                                                                     
       Stack:                                               0       0         1024   
       Linker Generated:                                    0       102       0      
    +--+----------------------------------------------------+-------+---------+---------+
       Grand Total:                                         25694   3363      1868   


LINKER GENERATED COPY TABLES

__TI_cinit_table @ 00007190 records: 2, size/record: 8, table size: 16
	.data: load addr=00007138, load size=00000042 bytes, run addr=20000140, run size=00000068 bytes, compression=lzss
	.bss: load addr=00007188, load size=00000008 bytes, run addr=20000000, run size=0000013e bytes, compression=zero_init


LINKER GENERATED HANDLER TABLE

__TI_handler_table @ 0000717c records: 3, size/record: 4, table size: 12
	index: 0, handler: __TI_decompress_lzss
	index: 1, handler: __TI_decompress_none
	index: 2, handler: __TI_zero_init


GLOBAL SYMBOLS: SORTED ALPHABETICALLY BY Name 

address   name                                       
-------   ----                                       
00000b33  ADC14_IRQHandler                           
00004245  ADC14_configureConversionMemory            
000042f9  ADC14_configureMultiSequenceMode           
00005fa9  ADC14_enableConversion                     
000064f1  ADC14_enableModule                         
00005c15  ADC14_enableSampleTimer                    
00005fd1  ADC14_getResult                            
0000538d  ADC14_initModule                           
00005ea5  ADC14_toggleConversionTrigger              
00000b33  AES256_IRQHandler                          
00001901  App_Proj2_construct                        
00000b35  App_Proj2_handleGameScreen                 
00003ef5  App_Proj2_handleHighScores                 
00002b71  App_Proj2_handleInstructionsScreen         
00002cf1  App_Proj2_handleResultScreen               
00005a53  App_Proj2_initGameVariables                
00004961  App_Proj2_loop                             
00001eed  App_Proj2_showMainMenu                     
00004c91  App_Proj2_showTitleScreen                  
00000b33  BusFault_Handler                           
000051cd  Button_construct                           
00006481  Button_isTapped                            
00003fed  Button_refresh                             
00006559  C$$EXIT                                    
00005b67  C$$IO$$                                    
00000b33  COMP_E0_IRQHandler                         
00000b33  COMP_E1_IRQHandler                         
000064fd  CPU_cpsid                                  
00006509  CPU_cpsie                                  
00000b33  CS_IRQHandler                              
00003739  CS_initClockSignal                         
00005c49  CS_setDCOCenteredFrequency                 
000029d5  CS_setDCOFrequency                         
000049ed  CS_tuneDCOFrequency                        
00003869  Crystalfontz128x128_Init                   
000034d1  Crystalfontz128x128_SetDrawFrame           
000053e1  Crystalfontz128x128_SetOrientation         
00000b33  DMA_ERR_IRQHandler                         
00000b33  DMA_INT0_IRQHandler                        
00000b33  DMA_INT1_IRQHandler                        
00000b33  DMA_INT2_IRQHandler                        
00000b33  DMA_INT3_IRQHandler                        
00000b33  DebugMon_Handler                           
00000b33  Default_Handler                            
00000b33  EUSCIA0_IRQHandler                         
00000b33  EUSCIA1_IRQHandler                         
00000b33  EUSCIA2_IRQHandler                         
00000b33  EUSCIA3_IRQHandler                         
00000b33  EUSCIB0_IRQHandler                         
00000b33  EUSCIB1_IRQHandler                         
00000b33  EUSCIB2_IRQHandler                         
00000b33  EUSCIB3_IRQHandler                         
00006343  EUSCI_A_SPI_enable                         
00006359  EUSCI_B_SPI_enable                         
00000b33  FLCTL_IRQHandler                           
00000b33  FPU_IRQHandler                             
00005665  FlashCtl_setWaitState                      
00006515  GFX_clear                                  
00005229  GFX_construct                              
000057cd  GFX_print                                  
00005f55  GFX_resetColors                            
00005db5  GPIO_getInputPinValue                      
00005285  GPIO_setAsInputPinWithPullUpResistor       
00005895  GPIO_setAsOutputPin                        
00004a75  GPIO_setAsPeripheralModuleFunctionInputPin 
00004afd  GPIO_setAsPeripheralModuleFunctionOutputPin
00006021  GPIO_setOutputHighOnPin                    
00006049  GPIO_setOutputLowOnPin                     
0000642d  Graphics_clearDisplay                      
00006263  Graphics_clearDisplayOnDisplay             
00005ba9  Graphics_drawHorizontalLineOnDisplay       
000046fd  Graphics_drawLineH                         
00005efd  Graphics_drawPixelOnDisplay                
00001481  Graphics_drawString                        
00003bd5  Graphics_fillRectangle                     
0000617d  Graphics_fillRectangleOnDisplay            
0000648f  Graphics_getFontHeight                     
0000649d  Graphics_getFontMaxWidth                   
000054dd  Graphics_initContext                       
0000627d  Graphics_setBackgroundColor                
00006297  Graphics_setFont                           
0000636f  Graphics_setForegroundColor                
00006385  Graphics_translateColorOnDisplay           
00005de5  HAL_LCD_PortInit                           
00005915  HAL_LCD_SpiInit                            
00005ac9  HAL_LCD_writeCommand                       
00005f29  HAL_LCD_writeData                          
0000418d  HAL_construct                              
00005bdf  HAL_refresh                                
000056ad  HOSTtime                                   
00000b33  HardFault_Handler                          
00004e0d  InitSystemTiming                           
00006461  Interrupt_disableMaster                    
00004d11  Interrupt_enableInterrupt                  
00006471  Interrupt_enableMaster                     
00006071  Joystick_construct                         
000061d7  Joystick_isPressedToLeft                   
000061f3  Joystick_isPressedToRight                  
000064ab  Joystick_isTappedToDown                    
000064b9  Joystick_isTappedToUp                      
00003605  Joystick_refresh                           
00005619  LED_construct                              
00006099  LED_turnOff                                
2000013a  Lcd_FlagRead                               
2000013b  Lcd_FontSolid                              
2000013c  Lcd_Orientation                            
2000013d  Lcd_PenSolid                               
20000134  Lcd_ScreenHeigth                           
20000136  Lcd_ScreenWidth                            
20000138  Lcd_TouchTrim                              
00000b33  MemManage_Handler                          
00000b33  NMI_Handler                                
00000b33  PCM_IRQHandler                             
00000b33  PORT1_IRQHandler                           
00000b33  PORT2_IRQHandler                           
00000b33  PORT3_IRQHandler                           
00000b33  PORT4_IRQHandler                           
00000b33  PORT5_IRQHandler                           
00000b33  PORT6_IRQHandler                           
00000b33  PSS_IRQHandler                             
00000b33  PendSV_Handler                             
00000b33  RTC_C_IRQHandler                           
00006521  Reset_Handler                              
0000620f  SPI_enableModule                           
0000445f  SPI_initMaster                             
00000b33  SVC_Handler                                
00005435  SWTimer_construct                          
000052dd  SWTimer_elapsedCycles                      
00005f7f  SWTimer_expired                            
00006111  SWTimer_start                              
000048cd  SysCtl_A_getTLVInfo                        
00000b33  SysTick_Handler                            
00004e85  SystemInit                                 
000060c1  T32_INT1_IRQHandler                        
000060c1  T32_INT1_IRQHandler                        
00000b33  T32_INT2_IRQHandler                        
00000b33  T32_INTC_IRQHandler                        
00000b33  TA0_0_IRQHandler                           
00000b33  TA0_N_IRQHandler                           
00000b33  TA1_0_IRQHandler                           
00000b33  TA1_N_IRQHandler                           
00000b33  TA2_0_IRQHandler                           
00000b33  TA2_N_IRQHandler                           
00000b33  TA3_0_IRQHandler                           
00000b33  TA3_N_IRQHandler                           
000063f1  Timer32_clearInterruptFlag                 
000064c7  Timer32_getValue                           
00004fd9  Timer32_initModule                         
00005c7d  Timer32_setCount                           
00005b01  Timer32_startTimer                         
00005a8f  UART_SetBaud_Enable                        
000062cb  UART_canSend                               
000056f5  UART_construct                             
0000639b  UART_enableModule                          
000062e3  UART_getInterruptStatus                    
00003ab9  UART_initModule                            
000063b1  UART_sendChar                              
00005cb1  UART_transmitData                          
00000b33  UsageFault_Handler                         
4000480c  WDTCTL_SYM                                 
00000b33  WDT_A_IRQHandler                           
00006135  WDT_A_holdTimer                            
20000000  __CIOBUF_                                  
20010000  __STACK_END                                
00000200  __STACK_SIZE                               
00007190  __TI_CINIT_Base                            
000071a0  __TI_CINIT_Limit                           
0000717c  __TI_Handler_Table_Base                    
00007188  __TI_Handler_Table_Limit                   
00005811  __TI_auto_init_nobinit_nopinit             
00005041  __TI_decompress_lzss                       
000064e3  __TI_decompress_none                       
00005489  __TI_ltoa                                  
ffffffff  __TI_pprof_out_hndl                        
000000e5  __TI_printfi                               
ffffffff  __TI_prof_data_size                        
ffffffff  __TI_prof_data_start                       
00005ce5  __TI_readmsg                               
00000000  __TI_static_base__                         
00005b39  __TI_writemsg                              
0000622b  __TI_zero_init_nomemset                    
00004b85  __aeabi_cdcmpeq                            
00004b85  __aeabi_cdcmple                            
00004c0b  __aeabi_cdrcmple                           
00004f6b  __aeabi_d2f                                
00005785  __aeabi_d2iz                               
00002827  __aeabi_dadd                               
00003399  __aeabi_ddiv                               
00003df9  __aeabi_dmul                               
0000281d  __aeabi_dsub                               
0000654d  __aeabi_errno_addr                         
00005b71  __aeabi_f2d                                
00005e75  __aeabi_i2d                                
0000248f  __aeabi_idiv0                              
0000248f  __aeabi_ldiv0                              
0000632b  __aeabi_lmul                               
00004d91  __aeabi_memclr                             
00004d91  __aeabi_memclr4                            
00004d91  __aeabi_memclr8                            
00004799  __aeabi_memcpy                             
00004799  __aeabi_memcpy4                            
00004799  __aeabi_memcpy8                            
00004d93  __aeabi_memset                             
00004d93  __aeabi_memset4                            
00004d93  __aeabi_memset8                            
00004835  __aeabi_uldivmod                           
ffffffff  __binit__                                  
ffffffff  __c_args__                                 
UNDEFED   __mpu_init                                 
2000fe00  __stack                                    
20000000  __start___llvm_prf_cnts                    
20000000  __stop___llvm_prf_cnts                     
000064d5  __time32                                   
00005d19  _c_int00_noargs                            
00006d84  _ctypes_                                   
2000018c  _lock                                      
000018ff  _nop                                       
UNDEFED   _system_post_cinit                         
00006555  _system_pre_init                           
20000190  _unlock                                    
00006559  abort                                      
00005955  afterCollision                             
00005581  atoi                                       
ffffffff  binit                                      
0000573d  checkCollision                             
00005d4d  compare_scores                             
000062b1  copysign                                   
000062b1  copysignl                                  
00004511  createObstacle                             
200001a0  errno                                      
000050a9  frexp                                      
000050a9  frexpl                                     
2000017c  g_sCrystalfontz128x128                     
000070c8  g_sCrystalfontz128x128_funcs               
00006e88  g_sFontCm12b                               
00006f50  g_sFontFixed6x8                            
000022b9  generateObstacles                          
000060e9  initADC                                    
00005e45  initJoyStick                               
00000000  interruptVectors                           
00003ce9  ldexp                                      
00003ce9  ldexpl                                     
000045bd  main                                       
00006247  memccpy                                    
00004799  memcpy                                     
00004d99  memset                                     
2000012c  parmbuf                                    
000040d3  qsort                                      
00005d81  rand                                       
00002fc9  removeLife                                 
00003ce9  scalbn                                     
00003ce9  scalbnl                                    
00002661  scoreUpdate                                
000055cd  snprintf                                   
000059d5  sprintf                                    
00006159  srand                                      
0000652d  startADC                                   
000061b9  strcat                                     
000063c7  strchr                                     
00006405  strcpy                                     
00006419  strlen                                     
000064d5  time                                       
0000325d  updateHighScores                           
0000643f  wcslen                                     


GLOBAL SYMBOLS: SORTED BY Symbol Address 

address   name                                       
-------   ----                                       
00000000  __TI_static_base__                         
00000000  interruptVectors                           
000000e5  __TI_printfi                               
00000200  __STACK_SIZE                               
00000b33  ADC14_IRQHandler                           
00000b33  AES256_IRQHandler                          
00000b33  BusFault_Handler                           
00000b33  COMP_E0_IRQHandler                         
00000b33  COMP_E1_IRQHandler                         
00000b33  CS_IRQHandler                              
00000b33  DMA_ERR_IRQHandler                         
00000b33  DMA_INT0_IRQHandler                        
00000b33  DMA_INT1_IRQHandler                        
00000b33  DMA_INT2_IRQHandler                        
00000b33  DMA_INT3_IRQHandler                        
00000b33  DebugMon_Handler                           
00000b33  Default_Handler                            
00000b33  EUSCIA0_IRQHandler                         
00000b33  EUSCIA1_IRQHandler                         
00000b33  EUSCIA2_IRQHandler                         
00000b33  EUSCIA3_IRQHandler                         
00000b33  EUSCIB0_IRQHandler                         
00000b33  EUSCIB1_IRQHandler                         
00000b33  EUSCIB2_IRQHandler                         
00000b33  EUSCIB3_IRQHandler                         
00000b33  FLCTL_IRQHandler                           
00000b33  FPU_IRQHandler                             
00000b33  HardFault_Handler                          
00000b33  MemManage_Handler                          
00000b33  NMI_Handler                                
00000b33  PCM_IRQHandler                             
00000b33  PORT1_IRQHandler                           
00000b33  PORT2_IRQHandler                           
00000b33  PORT3_IRQHandler                           
00000b33  PORT4_IRQHandler                           
00000b33  PORT5_IRQHandler                           
00000b33  PORT6_IRQHandler                           
00000b33  PSS_IRQHandler                             
00000b33  PendSV_Handler                             
00000b33  RTC_C_IRQHandler                           
00000b33  SVC_Handler                                
00000b33  SysTick_Handler                            
00000b33  T32_INT2_IRQHandler                        
00000b33  T32_INTC_IRQHandler                        
00000b33  TA0_0_IRQHandler                           
00000b33  TA0_N_IRQHandler                           
00000b33  TA1_0_IRQHandler                           
00000b33  TA1_N_IRQHandler                           
00000b33  TA2_0_IRQHandler                           
00000b33  TA2_N_IRQHandler                           
00000b33  TA3_0_IRQHandler                           
00000b33  TA3_N_IRQHandler                           
00000b33  UsageFault_Handler                         
00000b33  WDT_A_IRQHandler                           
00000b35  App_Proj2_handleGameScreen                 
00001481  Graphics_drawString                        
000018ff  _nop                                       
00001901  App_Proj2_construct                        
00001eed  App_Proj2_showMainMenu                     
000022b9  generateObstacles                          
0000248f  __aeabi_idiv0                              
0000248f  __aeabi_ldiv0                              
00002661  scoreUpdate                                
0000281d  __aeabi_dsub                               
00002827  __aeabi_dadd                               
000029d5  CS_setDCOFrequency                         
00002b71  App_Proj2_handleInstructionsScreen         
00002cf1  App_Proj2_handleResultScreen               
00002fc9  removeLife                                 
0000325d  updateHighScores                           
00003399  __aeabi_ddiv                               
000034d1  Crystalfontz128x128_SetDrawFrame           
00003605  Joystick_refresh                           
00003739  CS_initClockSignal                         
00003869  Crystalfontz128x128_Init                   
00003ab9  UART_initModule                            
00003bd5  Graphics_fillRectangle                     
00003ce9  ldexp                                      
00003ce9  ldexpl                                     
00003ce9  scalbn                                     
00003ce9  scalbnl                                    
00003df9  __aeabi_dmul                               
00003ef5  App_Proj2_handleHighScores                 
00003fed  Button_refresh                             
000040d3  qsort                                      
0000418d  HAL_construct                              
00004245  ADC14_configureConversionMemory            
000042f9  ADC14_configureMultiSequenceMode           
0000445f  SPI_initMaster                             
00004511  createObstacle                             
000045bd  main                                       
000046fd  Graphics_drawLineH                         
00004799  __aeabi_memcpy                             
00004799  __aeabi_memcpy4                            
00004799  __aeabi_memcpy8                            
00004799  memcpy                                     
00004835  __aeabi_uldivmod                           
000048cd  SysCtl_A_getTLVInfo                        
00004961  App_Proj2_loop                             
000049ed  CS_tuneDCOFrequency                        
00004a75  GPIO_setAsPeripheralModuleFunctionInputPin 
00004afd  GPIO_setAsPeripheralModuleFunctionOutputPin
00004b85  __aeabi_cdcmpeq                            
00004b85  __aeabi_cdcmple                            
00004c0b  __aeabi_cdrcmple                           
00004c91  App_Proj2_showTitleScreen                  
00004d11  Interrupt_enableInterrupt                  
00004d91  __aeabi_memclr                             
00004d91  __aeabi_memclr4                            
00004d91  __aeabi_memclr8                            
00004d93  __aeabi_memset                             
00004d93  __aeabi_memset4                            
00004d93  __aeabi_memset8                            
00004d99  memset                                     
00004e0d  InitSystemTiming                           
00004e85  SystemInit                                 
00004f6b  __aeabi_d2f                                
00004fd9  Timer32_initModule                         
00005041  __TI_decompress_lzss                       
000050a9  frexp                                      
000050a9  frexpl                                     
000051cd  Button_construct                           
00005229  GFX_construct                              
00005285  GPIO_setAsInputPinWithPullUpResistor       
000052dd  SWTimer_elapsedCycles                      
0000538d  ADC14_initModule                           
000053e1  Crystalfontz128x128_SetOrientation         
00005435  SWTimer_construct                          
00005489  __TI_ltoa                                  
000054dd  Graphics_initContext                       
00005581  atoi                                       
000055cd  snprintf                                   
00005619  LED_construct                              
00005665  FlashCtl_setWaitState                      
000056ad  HOSTtime                                   
000056f5  UART_construct                             
0000573d  checkCollision                             
00005785  __aeabi_d2iz                               
000057cd  GFX_print                                  
00005811  __TI_auto_init_nobinit_nopinit             
00005895  GPIO_setAsOutputPin                        
00005915  HAL_LCD_SpiInit                            
00005955  afterCollision                             
000059d5  sprintf                                    
00005a53  App_Proj2_initGameVariables                
00005a8f  UART_SetBaud_Enable                        
00005ac9  HAL_LCD_writeCommand                       
00005b01  Timer32_startTimer                         
00005b39  __TI_writemsg                              
00005b67  C$$IO$$                                    
00005b71  __aeabi_f2d                                
00005ba9  Graphics_drawHorizontalLineOnDisplay       
00005bdf  HAL_refresh                                
00005c15  ADC14_enableSampleTimer                    
00005c49  CS_setDCOCenteredFrequency                 
00005c7d  Timer32_setCount                           
00005cb1  UART_transmitData                          
00005ce5  __TI_readmsg                               
00005d19  _c_int00_noargs                            
00005d4d  compare_scores                             
00005d81  rand                                       
00005db5  GPIO_getInputPinValue                      
00005de5  HAL_LCD_PortInit                           
00005e45  initJoyStick                               
00005e75  __aeabi_i2d                                
00005ea5  ADC14_toggleConversionTrigger              
00005efd  Graphics_drawPixelOnDisplay                
00005f29  HAL_LCD_writeData                          
00005f55  GFX_resetColors                            
00005f7f  SWTimer_expired                            
00005fa9  ADC14_enableConversion                     
00005fd1  ADC14_getResult                            
00006021  GPIO_setOutputHighOnPin                    
00006049  GPIO_setOutputLowOnPin                     
00006071  Joystick_construct                         
00006099  LED_turnOff                                
000060c1  T32_INT1_IRQHandler                        
000060c1  T32_INT1_IRQHandler                        
000060e9  initADC                                    
00006111  SWTimer_start                              
00006135  WDT_A_holdTimer                            
00006159  srand                                      
0000617d  Graphics_fillRectangleOnDisplay            
000061b9  strcat                                     
000061d7  Joystick_isPressedToLeft                   
000061f3  Joystick_isPressedToRight                  
0000620f  SPI_enableModule                           
0000622b  __TI_zero_init_nomemset                    
00006247  memccpy                                    
00006263  Graphics_clearDisplayOnDisplay             
0000627d  Graphics_setBackgroundColor                
00006297  Graphics_setFont                           
000062b1  copysign                                   
000062b1  copysignl                                  
000062cb  UART_canSend                               
000062e3  UART_getInterruptStatus                    
0000632b  __aeabi_lmul                               
00006343  EUSCI_A_SPI_enable                         
00006359  EUSCI_B_SPI_enable                         
0000636f  Graphics_setForegroundColor                
00006385  Graphics_translateColorOnDisplay           
0000639b  UART_enableModule                          
000063b1  UART_sendChar                              
000063c7  strchr                                     
000063f1  Timer32_clearInterruptFlag                 
00006405  strcpy                                     
00006419  strlen                                     
0000642d  Graphics_clearDisplay                      
0000643f  wcslen                                     
00006461  Interrupt_disableMaster                    
00006471  Interrupt_enableMaster                     
00006481  Button_isTapped                            
0000648f  Graphics_getFontHeight                     
0000649d  Graphics_getFontMaxWidth                   
000064ab  Joystick_isTappedToDown                    
000064b9  Joystick_isTappedToUp                      
000064c7  Timer32_getValue                           
000064d5  __time32                                   
000064d5  time                                       
000064e3  __TI_decompress_none                       
000064f1  ADC14_enableModule                         
000064fd  CPU_cpsid                                  
00006509  CPU_cpsie                                  
00006515  GFX_clear                                  
00006521  Reset_Handler                              
0000652d  startADC                                   
0000654d  __aeabi_errno_addr                         
00006555  _system_pre_init                           
00006559  C$$EXIT                                    
00006559  abort                                      
00006d84  _ctypes_                                   
00006e88  g_sFontCm12b                               
00006f50  g_sFontFixed6x8                            
000070c8  g_sCrystalfontz128x128_funcs               
0000717c  __TI_Handler_Table_Base                    
00007188  __TI_Handler_Table_Limit                   
00007190  __TI_CINIT_Base                            
000071a0  __TI_CINIT_Limit                           
20000000  __CIOBUF_                                  
20000000  __start___llvm_prf_cnts                    
20000000  __stop___llvm_prf_cnts                     
2000012c  parmbuf                                    
20000134  Lcd_ScreenHeigth                           
20000136  Lcd_ScreenWidth                            
20000138  Lcd_TouchTrim                              
2000013a  Lcd_FlagRead                               
2000013b  Lcd_FontSolid                              
2000013c  Lcd_Orientation                            
2000013d  Lcd_PenSolid                               
2000017c  g_sCrystalfontz128x128                     
2000018c  _lock                                      
20000190  _unlock                                    
200001a0  errno                                      
2000fe00  __stack                                    
20010000  __STACK_END                                
4000480c  WDTCTL_SYM                                 
ffffffff  __TI_pprof_out_hndl                        
ffffffff  __TI_prof_data_size                        
ffffffff  __TI_prof_data_start                       
ffffffff  __binit__                                  
ffffffff  __c_args__                                 
ffffffff  binit                                      
UNDEFED   __mpu_init                                 
UNDEFED   _system_post_cinit                         

[264 symbols]
